
[1m[7m[36m RUN [39m[27m[22m [36mv2.1.9 [39m[90mC:/Users/P2412026/Infinite-pager[39m

 [31m??[39m src/__tests__/useInfinitePaper.test.tsx [2m([22m[2m3 tests[22m[2m | [22m[31m1 failed[39m[2m)[22m[33m 1079[2mms[22m[39m
[31m   [31m횞[31m useInfinitePaper[2m > [22madvances when the infinite scroll sentinel becomes visible[33m 1041[2mms[22m[31m[39m
[31m     ??expected 1 to be 2 // Object.is equality

Ignored nodes: comments, script, style
[36m<html>[31m
  [36m<head />[31m
  [36m<body>[31m
    [36m<div />[31m
  [36m</body>[31m
[36m</html>[31m[39m

node.exe : [31m??렞??렞
??렞??[1m[7m Failed Te
sts 1 [27m[22m??렞??렞
??렞??[39m
위치 C:\nvm4w\nodejs\npx
.ps1:29 문자:3
+   & $NODE_EXE $NPX_C
LI_JS $args
+   ~~~~~~~~~~~~~~~~~~
~~~~~~~~~~~
    + CategoryInfo    
          : NotSpeci  
  fied: ([31m??렞??   
 렞??렞?...??렞??렞??렞    
??[39m:String) []    ,
 RemoteException
    + FullyQualifiedE 
   rrorId : NativeCo  
  mmandError
 

[31m[1m[7m FAIL [2
7m[22m[39m src/__tes
ts__/useInfinitePaper.
test.tsx[2m > [22mus
eInfinitePaper[2m > 
[22madvances when the 
infinite scroll sentin
el becomes visible
[31m[1mAssertionErro
r[22m: expected 1 to 
be 2 // Object.is equa
lity

Ignored nodes: comment
s, script, style
[36m<html>[31m
  [36m<head />[31m
  [36m<body>[31m
    [36m<div />[31m
  [36m</body>[31m
[36m</html>[31m[39m

[32m- Expected[39m
[31m+ Received[39m

[32m- 2[39m
[31m+ 1[39m

[36m [2m??[22m src/_
_tests__/useInfinitePa
per.test.tsx:[2m72:60
[22m[39m
    [90m 70| [39m   
 })[33m;[39m
    [90m 71| [39m
    [90m 72| [39m   
 [35mawait[39m [34m
waitFor[39m(() [33m=
>[39m [34mexpect[39
m(result[33m.[39mcur
rent[33m.[39mcurrent
Page)[33m.[39m[34mt
oBe[39m([34m2[39m))
[33m;[39m
    [90m   | [39m   
                      
                      
            [31m^[39
m
    [90m 73| [39m   
 [34mexpect[39m(resu
lt[33m.[39mcurrent[
33m.[39mpaginationIte
ms[33m.[39m[34msome
[39m((item) [33m=>[
39m item[33m.[39mpag
e [33m===[39m??    
[90m 74| [39m      [
35mtrue[39m
[90m [2m??[22m runWi
thExpensiveErrorDiagno
sticsDisabled node_mod
ules/@testing-library/
dom/dist/config.js:[2
m47:12[22m[39m
[90m [2m??[22m check
Callback node_modules/
@testing-library/dom/d
ist/wait-for.js:[2m12
4:77[22m[39m
[90m [2m??[22m Timeo
ut.checkRealTimersCall
back node_modules/@tes
ting-library/dom/dist/
wait-for.js:[2m118:16
[22m[39m

[31m[2m??렞??렞??렞??렞?
?렞??렞??렞??렞??렞??렞??렞??
렞[1/1]??[22m[39m

[2m Test Files [22m [1m[31m1 failed[39m[22m[90m (1)[39m
[2m      Tests [22m [1m[31m1 failed[39m[22m[2m | [22m[1m[32m2 passed[39m[22m[90m (3)[39m
[2m   Start at [22m 11:06:17
[2m   Duration [22m 3.95s[2m (transform 87ms, setup 237ms, collect 271ms, tests 1.08s, environment 1.72s, prepare 285ms)[22m

